[    3282ms] [INFO] %cDownload the React DevTools for a better development experience: https://react.dev/link/react-devtools font-weight:bold @ http://localhost:5177/node_modules/.vite/deps/react-dom_client.js?v=f82709c5:20102
[    3282ms] [LOG] [APP TIMING] 0.02ms - App.tsx module loaded @ http://localhost:5177/src/App.tsx:21
[    3283ms] [LOG] [APP TIMING] 0.47ms - Loader imported @ http://localhost:5177/src/App.tsx:21
[    3283ms] [LOG] [APP TIMING] 0.66ms - All lazy components defined @ http://localhost:5177/src/App.tsx:21
[    3287ms] [LOG] [RENDERER TIMING] 0.02ms - Renderer script started @ http://localhost:5177/src/renderer.tsx:4
[    3287ms] [LOG] [RENDERER TIMING] 0.23ms - React imported @ http://localhost:5177/src/renderer.tsx:4
[    3287ms] [LOG] [RENDERER TIMING] 0.28ms - ReactDOM imported @ http://localhost:5177/src/renderer.tsx:4
[    3287ms] [LOG] [RENDERER TIMING] 0.31ms - App component imported @ http://localhost:5177/src/renderer.tsx:4
[    3287ms] [LOG] [RENDERER TIMING] 0.34ms - CSS imported @ http://localhost:5177/src/renderer.tsx:4
[    3287ms] [LOG] [RENDERER TIMING] 0.38ms - Root element found @ http://localhost:5177/src/renderer.tsx:4
[    3288ms] [LOG] [RENDERER TIMING] 1.43ms - React root created @ http://localhost:5177/src/renderer.tsx:4
[    3289ms] [LOG] [RENDERER TIMING] 2.25ms - App rendered @ http://localhost:5177/src/renderer.tsx:4
[    3291ms] [LOG] [RENDERER TIMING] 4.49ms - First frame painted @ http://localhost:5177/src/renderer.tsx:4
[    3298ms] [LOG] [APP TIMING] 14.64ms - App component function called @ http://localhost:5177/src/App.tsx:21
[    3301ms] [LOG] [APP TIMING] 18.42ms - LandingPage lazy load started @ http://localhost:5177/src/App.tsx:21
[    3334ms] [LOG] [APP TIMING] 51.84ms - App component mounted @ http://localhost:5177/src/App.tsx:21
[    3335ms] [LOG] [APP TIMING] 52.63ms - Mode changed to: home @ http://localhost:5177/src/App.tsx:21
[    3336ms] [LOG] [APP TIMING] 53.56ms - App component function called @ http://localhost:5177/src/App.tsx:21
[    3354ms] [LOG] [RENDERER TIMING] 66.98ms - Browser idle - startup complete @ http://localhost:5177/src/renderer.tsx:4
[    3433ms] [LOG] [APP TIMING] 150.61ms - LandingPage lazy load completed @ http://localhost:5177/src/App.tsx:21
